403   nav  espn-site              https://site.api.espn.com/apis/site/v2/sports/basketball/nba/scoreboard?dates=20250110&limit=5
403   bot  espn-site              https://site.api.espn.com/apis/site/v2/sports/basketball/nba/scoreboard?dates=20250110&limit=5
200   nav  espn-site-web          https://site.web.api.espn.com/apis/site/v2/sports/basketball/nba/scoreboard?dates=20250110&limit=5
200   bot  espn-site-web          https://site.web.api.espn.com/apis/site/v2/sports/basketball/nba/scoreboard?dates=20250110&limit=5
200   nav  espn-core              https://sports.core.api.espn.com/v2/sports/basketball/leagues/nba/seasons/2025/types/2/teams/2/events?limit=2
200   bot  espn-core              https://sports.core.api.espn.com/v2/sports/basketball/leagues/nba/seasons/2025/types/2/teams/2/events?limit=2
403   nav  cdn-nba                https://cdn.nba.com/static/json/staticData/scheduleLeagueV2_1.json
403   bot  cdn-nba                https://cdn.nba.com/static/json/staticData/scheduleLeagueV2_1.json
000ERR nav  data-nba-net           https://data.nba.net/10s/prod/v1/2024/scoreboard.json
000ERR bot  data-nba-net           https://data.nba.net/10s/prod/v1/2024/scoreboard.json
000ERR nav  stats-nba              https://stats.nba.com/stats/leaguegamefinder?LeagueID=00&Season=2024-25&SeasonType=Regular%20Season&PlayerOrTeam=T
000ERR bot  stats-nba              https://stats.nba.com/stats/leaguegamefinder?LeagueID=00&Season=2024-25&SeasonType=Regular%20Season&PlayerOrTeam=T
200   nav  tsdb-past              https://www.thesportsdb.com/api/v1/json/3/eventspastleague.php?id=4387
200   bot  tsdb-past              https://www.thesportsdb.com/api/v1/json/3/eventspastleague.php?id=4387
200   nav  tsdb-season            https://www.thesportsdb.com/api/v1/json/123/eventsseason.php?id=4387&season=2024-2025
200   bot  tsdb-season            https://www.thesportsdb.com/api/v1/json/123/eventsseason.php?id=4387&season=2024-2025
401   nav  balldontlie            https://api.balldontlie.io/v1/games?per_page=1
401   bot  balldontlie            https://api.balldontlie.io/v1/games?per_page=1
200   nav  basketball-ref         https://www.basketball-reference.com/leagues/NBA_2025_games.html
200   bot  basketball-ref         https://www.basketball-reference.com/leagues/NBA_2025_games.html
200   nav  temoin-nhle            https://api.nhle.com/stats/rest/en/game?limit=1
200   bot  temoin-nhle            https://api.nhle.com/stats/rest/en/game?limit=1
200   nav  temoin-nhle-web        https://api-web.nhle.com/v1/schedule/2025-01-10
200   bot  temoin-nhle-web        https://api-web.nhle.com/v1/schedule/2025-01-10
200   nav  temoin-raw-github      https://raw.githubusercontent.com/Kadantte/tennis_atp/master/README.md
200   bot  temoin-raw-github      https://raw.githubusercontent.com/Kadantte/tennis_atp/master/README.md
